// Jest Snapshot v1, https://goo.gl/fbAQLP

exports[`traversal Basic console output test 1`] = `
[
  "├ src/traversal.ts",
  "│ ├ C:/Source/ts-insp/node_modules/typescript/lib/typescript.d.ts",
  "│ ├ path",
  "│ ├ fs",
  "│ ├ src/types.d.ts",
  "│ │ ├ C:/Source/ts-insp/node_modules/typescript/lib/typescript.d.ts",
  "│ ├ src/output/log.ts",
  "├ src/tsConfig.ts",
  "│ ├ C:/Source/ts-insp/node_modules/typescript/lib/typescript.d.ts",
  "│ ├ fs",
  "│ ├ path",
]
`;
