// Jest Snapshot v1, https://goo.gl/fbAQLP

exports[`traversal Basic traversal snapshot 1`] = `
[
  {
    "absolutePath": "C:\\Source\\ts-insp\\src\\__mocks__\\traversal\\folder\\submodule1.ts",
    "alreadyTraversed": false,
    "extension": ".ts",
    "fullPath": "C:\\Source\\ts-insp\\src\\__mocks__\\traversal\\folder\\submodule1.ts",
    "id": "mocked-id",
    "import": "./folder/submodule1",
    "imports": [
      {
        "absolutePath": undefined,
        "alreadyTraversed": true,
        "extension": "",
        "fullPath": undefined,
        "id": "mocked-id",
        "import": "fs",
        "imports": [],
        "level": 2,
        "moduleName": "fs",
        "properties": {
          "created": "2024-04-29T20:33:54.110Z",
          "lines": "3",
          "modified": "2024-05-01T14:43:15.983Z",
          "path": "C:\\Source\\ts-insp\\src\\__mocks__\\traversal\\folder\\submodule1.ts",
          "size": "46",
        },
        "resolved": false,
        "type": "Unknown",
        "uniqueId": "mocked-id",
      },
    ],
    "level": 1,
    "moduleName": "C:\\Source\\ts-insp\\src\\__mocks__\\traversal\\folder\\submodule1",
    "properties": {
      "created": "2024-04-29T20:33:54.111Z",
      "lines": "3",
      "modified": "2024-05-21T14:39:43.892Z",
      "path": "./src/__mocks__/traversal/root.ts",
      "size": "93",
    },
    "resolved": true,
    "type": "Source file",
    "uniqueId": "mocked-id",
  },
  {
    "absolutePath": "C:\\Source\\ts-insp\\src\\__mocks__\\traversal\\folder\\submodule2.js",
    "alreadyTraversed": false,
    "extension": ".js",
    "fullPath": "C:\\Source\\ts-insp\\src\\__mocks__\\traversal\\folder\\submodule2.js",
    "id": "mocked-id",
    "import": "./folder/submodule2",
    "imports": [
      {
        "absolutePath": undefined,
        "alreadyTraversed": true,
        "extension": "",
        "fullPath": undefined,
        "id": "mocked-id",
        "import": "typescript",
        "imports": [],
        "level": 2,
        "moduleName": "typescript",
        "properties": {
          "created": "2024-04-29T20:33:54.111Z",
          "lines": "6",
          "modified": "2024-05-01T14:42:59.188Z",
          "path": "C:\\Source\\ts-insp\\src\\__mocks__\\traversal\\folder\\submodule2.js",
          "size": "126",
        },
        "resolved": false,
        "type": "Unknown",
        "uniqueId": "mocked-id",
      },
      {
        "absolutePath": "C:\\Source\\ts-insp\\src\\__mocks__\\traversal\\folder\\submodule1.ts",
        "alreadyTraversed": true,
        "extension": ".ts",
        "fullPath": "C:\\Source\\ts-insp\\src\\__mocks__\\traversal\\folder\\submodule1.ts",
        "id": "mocked-id",
        "import": "./submodule1",
        "imports": [],
        "level": 2,
        "moduleName": "C:\\Source\\ts-insp\\src\\__mocks__\\traversal\\folder\\submodule1",
        "properties": {
          "created": "2024-04-29T20:33:54.111Z",
          "lines": "6",
          "modified": "2024-05-01T14:42:59.188Z",
          "path": "C:\\Source\\ts-insp\\src\\__mocks__\\traversal\\folder\\submodule2.js",
          "size": "126",
        },
        "resolved": true,
        "type": "Source file",
        "uniqueId": "mocked-id",
      },
    ],
    "level": 1,
    "moduleName": "C:\\Source\\ts-insp\\src\\__mocks__\\traversal\\folder\\submodule2",
    "properties": {
      "created": "2024-04-29T20:33:54.111Z",
      "lines": "3",
      "modified": "2024-05-21T14:39:43.892Z",
      "path": "./src/__mocks__/traversal/root.ts",
      "size": "93",
    },
    "resolved": true,
    "type": "Source file",
    "uniqueId": "mocked-id",
  },
]
`;
