// Jest Snapshot v1, https://goo.gl/fbAQLP

exports[`traversal Basic traversal snapshot 1`] = `
[
  {
    "absolutePath": "C:\\Source\\ts-insp\\src\\__mocks__\\traversal\\folder\\submodule1.ts",
    "alreadyTraversed": false,
    "extension": ".ts",
    "fullPath": "C:\\Source\\ts-insp\\src\\__mocks__\\traversal\\folder\\submodule1.ts",
    "id": "mocked-id",
    "import": "./folder/submodule1",
    "imports": [
      {
        "absolutePath": undefined,
        "alreadyTraversed": true,
        "extension": "",
        "fullPath": undefined,
        "id": "mocked-id",
        "import": "fs",
        "imports": [],
        "level": 2,
        "moduleName": "fs",
        "resolved": false,
        "type": "Unknown",
        "uniqueId": "mocked-id",
      },
    ],
    "level": 1,
    "moduleName": "C:\\Source\\ts-insp\\src\\__mocks__\\traversal\\folder\\submodule1",
    "resolved": true,
    "type": "Source file",
    "uniqueId": "mocked-id",
  },
  {
    "absolutePath": "C:\\Source\\ts-insp\\src\\__mocks__\\traversal\\folder\\submodule2.js",
    "alreadyTraversed": false,
    "extension": ".js",
    "fullPath": "C:\\Source\\ts-insp\\src\\__mocks__\\traversal\\folder\\submodule2.js",
    "id": "mocked-id",
    "import": "./folder/submodule2",
    "imports": [
      {
        "absolutePath": undefined,
        "alreadyTraversed": true,
        "extension": "",
        "fullPath": undefined,
        "id": "mocked-id",
        "import": "typescript",
        "imports": [],
        "level": 2,
        "moduleName": "typescript",
        "resolved": false,
        "type": "Unknown",
        "uniqueId": "mocked-id",
      },
      {
        "absolutePath": "C:\\Source\\ts-insp\\src\\__mocks__\\traversal\\folder\\submodule1.ts",
        "alreadyTraversed": true,
        "extension": ".ts",
        "fullPath": "C:\\Source\\ts-insp\\src\\__mocks__\\traversal\\folder\\submodule1.ts",
        "id": "mocked-id",
        "import": "./submodule1",
        "imports": [],
        "level": 2,
        "moduleName": "C:\\Source\\ts-insp\\src\\__mocks__\\traversal\\folder\\submodule1",
        "resolved": true,
        "type": "Source file",
        "uniqueId": "mocked-id",
      },
    ],
    "level": 1,
    "moduleName": "C:\\Source\\ts-insp\\src\\__mocks__\\traversal\\folder\\submodule2",
    "resolved": true,
    "type": "Source file",
    "uniqueId": "mocked-id",
  },
]
`;
